[INFO] 
╭──────────────┬─────────┬─────────────────────┬─────────┬────────────────────────────╮
│ Product Name │ Version │ Vulnerability       │ TLP     │ CSAF Assessments           │
├──────────────┼─────────┼─────────────────────┼─────────┼────────────────────────────┤
│ Your Project │ 1.0.0   │ CVE-2024-99999      │ Default │ known_affected, according  │
│              │         │                     │         │ to ghsa-qg5g-gv98-5ffh_adv │
│              │         │                     │         │ isory                      │
│ Your Project │ 1.0.0   │ GHSA-qg5g-gv98-5ffh │ Default │ known_affected, according  │
│              │         │                     │         │ to ghsa-qg5g-gv98-5ffh_adv │
│              │         │                     │         │ isory                      │
│ Your Project │ 1.0.0   │ RUSTSEC-2024-9999   │ Default │ known_affected, according  │
│              │         │                     │         │ to ghsa-qg5g-gv98-5ffh_adv │
│              │         │                     │         │ isory                      │
│ Your Project │ 1.1.0   │ CVE-2024-99999      │ Default │ fixed, according to ghsa-q │
│              │         │                     │         │ g5g-gv98-5ffh_advisory, re │
│              │         │                     │         │ commended, according to gh │
│              │         │                     │         │ sa-qg5g-gv98-5ffh_advisory │
│ Your Project │ 1.1.0   │ GHSA-qg5g-gv98-5ffh │ Default │ fixed, according to ghsa-q │
│              │         │                     │         │ g5g-gv98-5ffh_advisory, re │
│              │         │                     │         │ commended, according to gh │
│              │         │                     │         │ sa-qg5g-gv98-5ffh_advisory │
│ Your Project │ 1.1.0   │ RUSTSEC-2024-9999   │ Default │ fixed, according to ghsa-q │
│              │         │                     │         │ g5g-gv98-5ffh_advisory, re │
│              │         │                     │         │ commended, according to gh │
│              │         │                     │         │ sa-qg5g-gv98-5ffh_advisory │
╰──────────────┴─────────┴─────────────────────┴─────────┴────────────────────────────╯
