[INFO] 
╭────────────────────────────┬────────────────────────────┬──────────────────┬──────────────────┬──────────────────────╮
│ CSAF ID                    │ Vulnerability              │ Affection Status │ Component        │ BOM Main Component   │
├────────────────────────────┼────────────────────────────┼──────────────────┼──────────────────┼──────────────────────┤
│ ghsa-qg5g-gv98-5ffh_adviso │ GHSA-qg5g-gv98-5ffh        │ known_affected   │ 'rustls@0.23.15' │ 'Your Project@1.1.0' │
│ ry                         │ Rustls network-reachable p │                  │                  │                      │
│                            │ anic                       │                  │                  │                      │
│ ghsa-qg5g-gv98-5ffh_adviso │ CVE-2024-99999             │ known_affected   │ 'rustls@0.23.15' │ 'Your Project@1.1.0' │
│ ry                         │ More issues in a dependenc │                  │                  │                      │
│                            │ y.                         │                  │                  │                      │
│ ghsa-qg5g-gv98-5ffh_adviso │ RUSTSEC-2024-9999          │ known_affected   │ 'rustls@0.23.15' │ 'Your Project@1.1.0' │
│ ry                         │ The issues never end.      │                  │                  │                      │
│ ghsa-qg5g-gv98-5ffh_adviso │ GHSA-qg5g-gv98-5ffh        │ known_affected   │ 'rustls@0.23.15' │ 'Your Project@1.0.0' │
│ ry                         │ Rustls network-reachable p │                  │                  │                      │
│                            │ anic                       │                  │                  │                      │
│ ghsa-qg5g-gv98-5ffh_adviso │ CVE-2024-99999             │ known_affected   │ 'rustls@0.23.15' │ 'Your Project@1.0.0' │
│ ry                         │ More issues in a dependenc │                  │                  │                      │
│                            │ y.                         │                  │                  │                      │
│ ghsa-qg5g-gv98-5ffh_adviso │ RUSTSEC-2024-9999          │ known_affected   │ 'rustls@0.23.15' │ 'Your Project@1.0.0' │
│ ry                         │ The issues never end.      │                  │                  │                      │
│ ghsa-qg5g-gv98-5ffh_adviso │ GHSA-qg5g-gv98-5ffh        │ known_affected   │ 'rustls@0.23.15' │ 'Best Project@3.1.4' │
│ ry                         │ Rustls network-reachable p │                  │                  │                      │
│                            │ anic                       │                  │                  │                      │
│ ghsa-qg5g-gv98-5ffh_adviso │ CVE-2024-99999             │ known_affected   │ 'rustls@0.23.15' │ 'Best Project@3.1.4' │
│ ry                         │ More issues in a dependenc │                  │                  │                      │
│                            │ y.                         │                  │                  │                      │
│ ghsa-qg5g-gv98-5ffh_adviso │ RUSTSEC-2024-9999          │ known_affected   │ 'rustls@0.23.15' │ 'Best Project@3.1.4' │
│ ry                         │ The issues never end.      │                  │                  │                      │
╰────────────────────────────┴────────────────────────────┴──────────────────┴──────────────────┴──────────────────────╯
